// Jest Snapshot v1, https://goo.gl/fbAQLP

exports[`<Header/> Render correctly 1`] = `
<header
  css={
    Object {
      "map": undefined,
      "name": "1wbp2vb",
      "next": undefined,
      "styles": "
        background-color: #2F2519;
        color: #F0EFED;
      ",
      "toString": [Function],
    }
  }
>
  <div
    className="container"
    css={
      Object {
        "map": undefined,
        "name": "1wzd80i",
        "next": undefined,
        "styles": "
        max-width: calc(100vw - 30%);
        margin: 0 auto;
        color: white;
        height: 100%;
        @media (max-width: 1024px) {
          max-width: calc(100vw - 10%);
        }
      ",
        "toString": [Function],
      }
    }
  >
    <nav
      css={
        Object {
          "map": undefined,
          "name": "1iegzf6",
          "next": undefined,
          "styles": "
  display: flex;
  justify-content: space-between;
  align-items: center;
  height: 120px;
  width: 100%;
",
          "toString": [Function],
        }
      }
    >
      <a
        className="logo"
        css={
          Object {
            "map": undefined,
            "name": "11w9y1g",
            "next": undefined,
            "styles": "
  margin: 0 auto;
  transition: 0.2s;
  &:hover {
    transform: scale(1.05);
  }
  @media (min-width: 900px) {
    margin: 0;
  }
",
            "toString": [Function],
          }
        }
        href="/"
      >
        <img
          alt="victorgom3s logo"
          src={
            Object {
              "default": "test-file-stub",
            }
          }
        />
      </a>
      <div
        className="links"
        css={
          Object {
            "map": undefined,
            "name": "15c9sm1",
            "next": undefined,
            "styles": "
  display: none;
  justify-content: space-evenly;
  width: 50%;
  a {
    position: relative;
    margin: 0 15px;
    transition: 0.2s;
    &:after {
      content: \\" />\\";
      color: #F0EFED;
      position: absolute;
      padding-left: 5px;
    }
    &:hover {
      color: #FA7D09;
      transform: scale(1.05);
      &:after {
        color: #FA7D09;
      }
    }
  }

  @media (min-width: 900px) {
    display: flex;
  }
",
            "toString": [Function],
          }
        }
      >
        <a
          href="#aboutMe"
        >
          Sobre Mim
        </a>
        <a
          href="#portfolio"
        >
          Portf√≥lio
        </a>
        <a
          href="#contato"
        >
          Contato
        </a>
      </div>
    </nav>
  </div>
</header>
`;
